[Proyecto]
Nombre = "Numerología V2-1"
Version = 2.1.0.11
Nombre VBA = "Numerología_2_1"
VersionAccess = "16.0"
OptionCompare = "Database"
OptionExplicit = "True"
FechaExportacion = "2026-02-02 01:06:06"

[Hardware]
CPU = "Intel(R) Core(TM) i7-6700HQ CPU @ 2.60GHz"
Velocidad = "2601 MHz"
Fabricante = "Micro-Star International Co., Ltd."
Modelo = "CX72 6QD"
RAM = "15,91 GB"
Arquitectura = "64 bits"
[Entorno Sistema]
SO = "Microsoft Windows 10 Pro (10.0.19045). Build: 19045"
Arquitectura = "64 bits"

[Entorno Office]
Version Access = "16.0 (19127)"
Arquitectura Office = "32 bits"
Version ACE = "12.0"
Version ACEDAO = "16.0"
Version VBE = "7.01"

[Idiomas]
Idioma Windows = "es-ES"
Idioma Acccess = "es-ES"

[Referencia]
Nombre = "VBA"
GUID = "{000204EF-0000-0000-C000-000000000046}"
Version = "4.2"
Ruta = "C:\Program Files (x86)\Common Files\Microsoft Shared\VBA\VBA7.1\VBE7.DLL"
Estado = "OK"

[Referencia]
Nombre = "Access"
GUID = "{4AFFC9A0-5F99-101B-AF4E-00AA003F0F07}"
Version = "9.0"
Ruta = "C:\Program Files (x86)\Microsoft Office\root\Office16\MSACC.OLB"
Estado = "OK"

[Referencia]
Nombre = "stdole"
GUID = "{00020430-0000-0000-C000-000000000046}"
Version = "2.0"
Ruta = "C:\Windows\SysWOW64\stdole2.tlb"
Estado = "OK"

[Referencia]
Nombre = "DAO"
GUID = "{4AC9E1DA-5BAD-4AC7-86E3-24F4CDCECA28}"
Version = "12.0"
Ruta = "C:\Program Files (x86)\Common Files\Microsoft Shared\OFFICE16\ACEDAO.DLL"
Estado = "OK"

[Referencia]
Nombre = "Scripting"
GUID = "{420B2830-E718-11CF-893D-00A0C9054228}"
Version = "1.0"
Ruta = "C:\Windows\SysWOW64\scrrun.dll"
Estado = "OK"

[Referencia]
Nombre = "Office"
GUID = "{2DF8D04C-5BFA-101B-BDE5-00AA0044DE52}"
Version = "2.8"
Ruta = "C:\Program Files (x86)\Common Files\Microsoft Shared\OFFICE16\MSO.DLL"
Estado = "OK"

[Objetos]
Tabla = tbmApellidos
Tabla = tbmEquivNombre_Base
Tabla = tbmEtimologiaNombres
Tabla = tbmFonemas
Tabla = tbmFoneticaCompleta
Tabla = tbmGeneros
Tabla = tbmIconos
Tabla = tbmIdiomas
Tabla = tbmIndiceInterpretaciones
Tabla = tbmModos
Tabla = tbmNombres
Tabla = tbmNum_Astro
Tabla = tbmTarotCartas
Tabla = tbuCiclos
Tabla = tbuFonetica
Tabla = tbuInclusion
Tabla = tbuPersonas
Tabla = tbuPinaDes
Tabla = tbuResultados
Tabla = tbuTransitos

Consulta = qFonemas.sql

Formulario = frmAcercaDe.txt
Formulario = frmActFonetica.txt
Formulario = frmCalcular.txt
Formulario = frmEntradaDatos.txt
Formulario = frmIdioma.txt
Formulario = frmInterpretar.txt
Formulario = frmModifyFon.txt
Formulario = frmRevisionSilabas.txt
Formulario = frmSelectorPersonas.txt
Formulario = subFrmSelFon.txt

Módulo = __GeneradorClases.bas
Módulo = _modASRtools.bas
Módulo = _modASRTools2.bas
Módulo = _modASRTools3.bas
Módulo = _modGlobales.bas
Módulo = mod_UX.bas
Módulo = modAutoNumericos.bas
Módulo = modAuxCalculos.bas
Módulo = modBBDD.bas
Módulo = modBBDD_Resultados.bas
Módulo = modColeccionesFonemas.bas
Módulo = modEscritorPandoc.bas
Módulo = modFonemasAux.bas
Módulo = modFoneticaDAO.bas
Módulo = modGeneraCruces.bas
Módulo = modIconos_Blindado.bas
Módulo = modIdiomas.bas
Módulo = modInterpreta.bas
Módulo = modMarkDown2RTF.bas
Módulo = modMarkdownRTF_2.bas
Módulo = modMotor_Idioma_AUX_CA.bas
Módulo = modMotor_Idioma_AUX_PT.bas
Módulo = modMotor_Idioma_CA.bas
Módulo = modMotor_Idioma_CA_IB.bas
Módulo = modMotor_Idioma_CA_VA.bas
Módulo = modMotor_Idioma_EN_GB.bas
Módulo = modMotor_Idioma_ES.bas
Módulo = modMotor_Idioma_EU.bas
Módulo = modMotor_Idioma_FR.bas
Módulo = modMotor_Idioma_GL.bas
Módulo = modMotor_Idioma_PT_BR.bas
Módulo = modMotor_Idioma_PT_EU.bas
Módulo = modMotorCalculosNumerologicos.bas
Módulo = modMotorFonetico_V2_1.bas
Módulo = modMotorFonetico_V2_1_Aux.bas
Módulo = modMotorFonetico_V2_1_DTO.bas
Módulo = modMotorFonetico_V2_1_Idiomas.bas
Módulo = modMsgBoxEx2.bas
Módulo = modMsgBoxExPlus.bas
Módulo = modMsgBoxHookEx.bas
Módulo = modSalidaHTML.bas
Módulo = modSintetizarTransito.bas
Módulo = modTarotCartas.bas
Módulo = Módulo1.bas
Módulo = ModUtilidadesDAO.bas
Módulo = Tabla_Astro_Num.bas

Clase = clsCiclos.cls
Clase = clsDTOcalculos.cls
Clase = clsEntradaDiccionario.cls
Clase = clsFonema.cls
Clase = clsFonetica.cls
Clase = clsIdioma.cls
Clase = clsInclusion.cls
Clase = clsPersona.cls
Clase = clsPinaDes.cls
Clase = clsProgresiones.cls
Clase = clsResultado.cls
Clase = clsTransito.cls

[Dependencias]
Módulo | __GeneradorClases.bas = "__GeneradorClases"
Módulo | _modASRtools.bas = "_modASRtools"
Módulo | _modASRTools2.bas = "_modASRtools, _modASRTools2"
Módulo | _modASRTools3.bas = "_modASRtools, _modASRTools3"
Módulo | _modGlobales.bas = "_modGlobales, clsPersona, clsIdioma, clsFonetica, clsResultado, clsInclusion, clsCiclos, clsPinaDes, clsProgresiones, clsTransito"
Módulo | mod_UX.bas = "mod_UX"
Módulo | modAutoNumericos.bas = "modAutoNumericos"
Módulo | modAuxCalculos.bas = "modAuxCalculos"
Módulo | modBBDD.bas = "clsPersona, modBBDD, clsFonetica, clsResultado, clsInclusion, clsCiclos, clsPinaDes, clsTransito"
Módulo | modBBDD_Resultados.bas = "modBBDD, clsResultado, clsInclusion, clsCiclos, clsPinaDes, clsTransito, modBBDD_Resultados"
Módulo | modColeccionesFonemas.bas = "clsFonema, modColeccionesFonemas"
Módulo | modEscritorPandoc.bas = "modEscritorPandoc"
Módulo | modFonemasAux.bas = "modFonemasAux"
Módulo | modFoneticaDAO.bas = "clsFonetica, modFoneticaDAO"
Módulo | modGeneraCruces.bas = "modGeneraCruces"
Módulo | modIconos_Blindado.bas = "modIconos_Blindado"
Módulo | modIdiomas.bas = "clsIdioma, modIdiomas"
Módulo | modInterpreta.bas = "modInterpreta"
Módulo | modMarkDown2RTF.bas = "modMarkDown2RTF"
Módulo | modMarkdownRTF_2.bas = "modMarkdownRTF_2"
Módulo | modMotor_Idioma_AUX_CA.bas = "modMotor_Idioma_AUX_CA"
Módulo | modMotor_Idioma_AUX_PT.bas = "modMotor_Idioma_AUX_PT"
Módulo | modMotor_Idioma_CA.bas = "modMotor_Idioma_CA"
Módulo | modMotor_Idioma_CA_IB.bas = "modMotor_Idioma_CA_IB, modMotor_Idioma_CA"
Módulo | modMotor_Idioma_CA_VA.bas = "modMotor_Idioma_CA_VA, modMotor_Idioma_CA"
Módulo | modMotor_Idioma_EN_GB.bas = "modMotor_Idioma_EN_GB"
Módulo | modMotor_Idioma_ES.bas = "modMotor_Idioma_ES"
Módulo | modMotor_Idioma_EU.bas = "modMotor_Idioma_EU"
Módulo | modMotor_Idioma_FR.bas = "modMotor_Idioma_FR"
Módulo | modMotor_Idioma_GL.bas = "modMotor_Idioma_GL"
Módulo | modMotor_Idioma_PT_BR.bas = "modMotor_Idioma_PT_BR"
Módulo | modMotor_Idioma_PT_EU.bas = "modMotor_Idioma_PT_EU"
Módulo | modMotorCalculosNumerologicos.bas = "clsPersona, clsFonetica, clsResultado, clsInclusion, clsCiclos, clsPinaDes, clsProgresiones, clsDTOcalculos, modMotorCalculosNumerologicos, clsTransito"
Módulo | modMotorFonetico_V2_1.bas = "clsFonema, modMotorFonetico_V2_1"
Módulo | modMotorFonetico_V2_1_Aux.bas = "clsFonema, modMotorFonetico_V2_1, modMotorFonetico_V2_1_Aux"
Módulo | modMotorFonetico_V2_1_DTO.bas = "clsFonema, modMotorFonetico_V2_1, modMotorFonetico_V2_1_DTO"
Módulo | modMotorFonetico_V2_1_Idiomas.bas = "modMotorFonetico_V2_1, modMotorFonetico_V2_1_Idiomas"
Módulo | modMsgBoxEx2.bas = "modMsgBoxEx2"
Módulo | modMsgBoxExPlus.bas = "modMsgBoxExPlus"
Módulo | modMsgBoxHookEx.bas = "modMsgBoxHookEx"
Módulo | modSalidaHTML.bas = "clsResultado, modSalidaHTML"
Módulo | modSintetizarTransito.bas = "modSintetizarTransito"
Módulo | modTarotCartas.bas = "modTarotCartas"
Módulo | Módulo1.bas = "Módulo1"
Módulo | ModUtilidadesDAO.bas = "ModUtilidadesDAO"
Módulo | Tabla_Astro_Num.bas = "Tabla_Astro_Num"

Clase | clsCiclos.cls = "clsCiclos"
Clase | clsDTOcalculos.cls = "clsPersona, clsFonetica, clsDTOcalculos"
Clase | clsEntradaDiccionario.cls = "clsEntradaDiccionario"
Clase | clsFonema.cls = "clsFonema"
Clase | clsFonetica.cls = "clsPersona, clsFonetica"
Clase | clsIdioma.cls = "clsIdioma"
Clase | clsInclusion.cls = "clsInclusion"
Clase | clsPersona.cls = "clsPersona, clsIdioma"
Clase | clsPinaDes.cls = "clsPinaDes"
Clase | clsProgresiones.cls = "clsProgresiones"
Clase | clsResultado.cls = "clsResultado"
Clase | clsTransito.cls = "clsTransito"

